Initialized native services in: C:\Users\Look\.gradle\native
Initialized jansi services in: C:\Users\Look\.gradle\native
Received JVM installation metadata from 'C:\Program Files\Eclipse Adoptium\jdk-21.0.8.9-hotspot': {JAVA_HOME=C:\Program Files\Eclipse Adoptium\jdk-21.0.8.9-hotspot, JAVA_VERSION=21.0.8, JAVA_VENDOR=Eclipse Adoptium, RUNTIME_NAME=OpenJDK Runtime Environment, RUNTIME_VERSION=21.0.8+9-LTS, VM_NAME=OpenJDK 64-Bit Server VM, VM_VERSION=21.0.8+9-LTS, VM_VENDOR=Eclipse Adoptium, OS_ARCH=amd64}
Found daemon DaemonInfo{pid=18988, address=[8cc48901-7d10-41da-9592-d64e2de2e500 port:43196, addresses:[/127.0.0.1]], state=Idle, lastBusy=1763779653141, context=DefaultDaemonContext[uid=0c7a66e4-1c0d-447a-93f7-6cf6ab153c8f,javaHome=C:\Users\Look\.jdks\ms-21.0.8,javaVersion=21,daemonRegistryDir=C:\Users\Look\.gradle\daemon,pid=18988,idleTimeout=10800000,priority=NORMAL,applyInstrumentationAgent=true,nativeServicesMode=ENABLED,daemonOpts=--add-opens=java.base/java.util=ALL-UNNAMED,--add-opens=java.base/java.lang=ALL-UNNAMED,--add-opens=java.base/java.lang.invoke=ALL-UNNAMED,--add-opens=java.prefs/java.util.prefs=ALL-UNNAMED,--add-opens=java.base/java.nio.charset=ALL-UNNAMED,--add-opens=java.base/java.net=ALL-UNNAMED,--add-opens=java.base/java.util.concurrent.atomic=ALL-UNNAMED,-XX:MaxMetaspaceSize=384m,-XX:+HeapDumpOnOutOfMemoryError,-Xms256m,-Xmx512m,-Dfile.encoding=UTF-8,-Duser.country=BR,-Duser.language=pt,-Duser.variant]} however its context does not match the desired criteria.
JVM is incompatible.
Wanted: DaemonRequestContext{requestedJvm=21.0.8 (Eclipse Adoptium 21.0.8+9-LTS), jvmCriteria=null, daemonOpts=[--add-opens=java.base/java.util=ALL-UNNAMED, --add-opens=java.base/java.lang=ALL-UNNAMED, --add-opens=java.base/java.lang.invoke=ALL-UNNAMED, --add-opens=java.prefs/java.util.prefs=ALL-UNNAMED, --add-opens=java.base/java.nio.charset=ALL-UNNAMED, --add-opens=java.base/java.net=ALL-UNNAMED, --add-opens=java.base/java.util.concurrent.atomic=ALL-UNNAMED, -XX:MaxMetaspaceSize=384m, -XX:+HeapDumpOnOutOfMemoryError, -Xms256m, -Xmx512m, -Dfile.encoding=UTF-8, -Duser.country=BR, -Duser.language=pt, -Duser.variant], applyInstrumentationAgent=true, nativeServicesMode=ENABLED, priority=NORMAL}
Actual: DefaultDaemonContext[uid=0c7a66e4-1c0d-447a-93f7-6cf6ab153c8f,javaHome=C:\Users\Look\.jdks\ms-21.0.8,javaVersion=21,daemonRegistryDir=C:\Users\Look\.gradle\daemon,pid=18988,idleTimeout=10800000,priority=NORMAL,applyInstrumentationAgent=true,nativeServicesMode=ENABLED,daemonOpts=--add-opens=java.base/java.util=ALL-UNNAMED,--add-opens=java.base/java.lang=ALL-UNNAMED,--add-opens=java.base/java.lang.invoke=ALL-UNNAMED,--add-opens=java.prefs/java.util.prefs=ALL-UNNAMED,--add-opens=java.base/java.nio.charset=ALL-UNNAMED,--add-opens=java.base/java.net=ALL-UNNAMED,--add-opens=java.base/java.util.concurrent.atomic=ALL-UNNAMED,-XX:MaxMetaspaceSize=384m,-XX:+HeapDumpOnOutOfMemoryError,-Xms256m,-Xmx512m,-Dfile.encoding=UTF-8,-Duser.country=BR,-Duser.language=pt,-Duser.variant]

  Looking for a different daemon...
Found daemon DaemonInfo{pid=13668, address=[1290fb36-32a6-44c9-b43b-e74089781c9d port:44980, addresses:[/127.0.0.1]], state=Idle, lastBusy=1763831371323, context=DefaultDaemonContext[uid=37149ba6-61e9-445f-af69-dd2cc115780b,javaHome=C:\Users\Look\.antigravity\extensions\redhat.java-1.49.0-win32-x64\jre\21.0.9-win32-x86_64,javaVersion=21,daemonRegistryDir=C:\Users\Look\.gradle\daemon,pid=13668,idleTimeout=10800000,priority=NORMAL,applyInstrumentationAgent=true,nativeServicesMode=ENABLED,daemonOpts=--add-opens=java.base/java.util=ALL-UNNAMED,--add-opens=java.base/java.lang=ALL-UNNAMED,--add-opens=java.base/java.lang.invoke=ALL-UNNAMED,--add-opens=java.prefs/java.util.prefs=ALL-UNNAMED,--add-opens=java.base/java.nio.charset=ALL-UNNAMED,--add-opens=java.base/java.net=ALL-UNNAMED,--add-opens=java.base/java.util.concurrent.atomic=ALL-UNNAMED,-XX:MaxMetaspaceSize=384m,-XX:+HeapDumpOnOutOfMemoryError,-Xms256m,-Xmx512m,-Dfile.encoding=UTF-8,-Duser.country=BR,-Duser.language=pt,-Duser.variant]} however its context does not match the desired criteria.
JVM is incompatible.
Wanted: DaemonRequestContext{requestedJvm=21.0.8 (Eclipse Adoptium 21.0.8+9-LTS), jvmCriteria=null, daemonOpts=[--add-opens=java.base/java.util=ALL-UNNAMED, --add-opens=java.base/java.lang=ALL-UNNAMED, --add-opens=java.base/java.lang.invoke=ALL-UNNAMED, --add-opens=java.prefs/java.util.prefs=ALL-UNNAMED, --add-opens=java.base/java.nio.charset=ALL-UNNAMED, --add-opens=java.base/java.net=ALL-UNNAMED, --add-opens=java.base/java.util.concurrent.atomic=ALL-UNNAMED, -XX:MaxMetaspaceSize=384m, -XX:+HeapDumpOnOutOfMemoryError, -Xms256m, -Xmx512m, -Dfile.encoding=UTF-8, -Duser.country=BR, -Duser.language=pt, -Duser.variant], applyInstrumentationAgent=true, nativeServicesMode=ENABLED, priority=NORMAL}
Actual: DefaultDaemonContext[uid=37149ba6-61e9-445f-af69-dd2cc115780b,javaHome=C:\Users\Look\.antigravity\extensions\redhat.java-1.49.0-win32-x64\jre\21.0.9-win32-x86_64,javaVersion=21,daemonRegistryDir=C:\Users\Look\.gradle\daemon,pid=13668,idleTimeout=10800000,priority=NORMAL,applyInstrumentationAgent=true,nativeServicesMode=ENABLED,daemonOpts=--add-opens=java.base/java.util=ALL-UNNAMED,--add-opens=java.base/java.lang=ALL-UNNAMED,--add-opens=java.base/java.lang.invoke=ALL-UNNAMED,--add-opens=java.prefs/java.util.prefs=ALL-UNNAMED,--add-opens=java.base/java.nio.charset=ALL-UNNAMED,--add-opens=java.base/java.net=ALL-UNNAMED,--add-opens=java.base/java.util.concurrent.atomic=ALL-UNNAMED,-XX:MaxMetaspaceSize=384m,-XX:+HeapDumpOnOutOfMemoryError,-Xms256m,-Xmx512m,-Dfile.encoding=UTF-8,-Duser.country=BR,-Duser.language=pt,-Duser.variant]

  Looking for a different daemon...
Found daemon DaemonInfo{pid=21076, address=[55c713b7-473d-4304-91d2-2d0374ab1108 port:44996, addresses:[/127.0.0.1]], state=Idle, lastBusy=1763831328509, context=DefaultDaemonContext[uid=231a2fa1-9706-49f1-a506-bbd45306af85,javaHome=C:\Users\Look\.antigravity\extensions\redhat.java-1.49.0-win32-x64\jre\21.0.9-win32-x86_64,javaVersion=21,daemonRegistryDir=C:\Users\Look\.gradle\daemon,pid=21076,idleTimeout=10800000,priority=NORMAL,applyInstrumentationAgent=true,nativeServicesMode=ENABLED,daemonOpts=--add-opens=java.base/java.util=ALL-UNNAMED,--add-opens=java.base/java.lang=ALL-UNNAMED,--add-opens=java.base/java.lang.invoke=ALL-UNNAMED,--add-opens=java.prefs/java.util.prefs=ALL-UNNAMED,--add-opens=java.base/java.nio.charset=ALL-UNNAMED,--add-opens=java.base/java.net=ALL-UNNAMED,--add-opens=java.base/java.util.concurrent.atomic=ALL-UNNAMED,-Dfile.encoding=UTF-8,-Duser.country=BR,-Duser.language=pt,-Duser.variant]} however its context does not match the desired criteria.
JVM is incompatible.
Wanted: DaemonRequestContext{requestedJvm=21.0.8 (Eclipse Adoptium 21.0.8+9-LTS), jvmCriteria=null, daemonOpts=[--add-opens=java.base/java.util=ALL-UNNAMED, --add-opens=java.base/java.lang=ALL-UNNAMED, --add-opens=java.base/java.lang.invoke=ALL-UNNAMED, --add-opens=java.prefs/java.util.prefs=ALL-UNNAMED, --add-opens=java.base/java.nio.charset=ALL-UNNAMED, --add-opens=java.base/java.net=ALL-UNNAMED, --add-opens=java.base/java.util.concurrent.atomic=ALL-UNNAMED, -XX:MaxMetaspaceSize=384m, -XX:+HeapDumpOnOutOfMemoryError, -Xms256m, -Xmx512m, -Dfile.encoding=UTF-8, -Duser.country=BR, -Duser.language=pt, -Duser.variant], applyInstrumentationAgent=true, nativeServicesMode=ENABLED, priority=NORMAL}
Actual: DefaultDaemonContext[uid=231a2fa1-9706-49f1-a506-bbd45306af85,javaHome=C:\Users\Look\.antigravity\extensions\redhat.java-1.49.0-win32-x64\jre\21.0.9-win32-x86_64,javaVersion=21,daemonRegistryDir=C:\Users\Look\.gradle\daemon,pid=21076,idleTimeout=10800000,priority=NORMAL,applyInstrumentationAgent=true,nativeServicesMode=ENABLED,daemonOpts=--add-opens=java.base/java.util=ALL-UNNAMED,--add-opens=java.base/java.lang=ALL-UNNAMED,--add-opens=java.base/java.lang.invoke=ALL-UNNAMED,--add-opens=java.prefs/java.util.prefs=ALL-UNNAMED,--add-opens=java.base/java.nio.charset=ALL-UNNAMED,--add-opens=java.base/java.net=ALL-UNNAMED,--add-opens=java.base/java.util.concurrent.atomic=ALL-UNNAMED,-Dfile.encoding=UTF-8,-Duser.country=BR,-Duser.language=pt,-Duser.variant]

  Looking for a different daemon...
The client will now receive all logging from the daemon (pid: 11508). The daemon log file: C:\Users\Look\.gradle\daemon\8.8\daemon-11508.out.log
Starting 5th build in daemon [uptime: 15 mins 25.497 secs, performance: 100%, GC rate: 0.00/s, heap usage: 0% of 512 MiB, non-heap usage: 19% of 384 MiB]
Using 12 worker leases.
Now considering [C:\Users\Look\IdeaProjects\DevReview] as hierarchies to watch
Watching the file system is configured to be enabled if available
File system watching is active
Starting Build
Settings evaluated using settings file 'C:\Users\Look\IdeaProjects\DevReview\settings.gradle'.
Projects loaded. Root project using build file 'C:\Users\Look\IdeaProjects\DevReview\build.gradle'.
Included projects: [root project 'DevReview']

> Configure project :
Evaluating root project 'DevReview' using build file 'C:\Users\Look\IdeaProjects\DevReview\build.gradle'.
Transforming shadow-8.1.1.jar (com.github.johnrengelman:shadow:8.1.1) with InstrumentationAnalysisTransform
Transforming log4j-core-2.20.0.jar (org.apache.logging.log4j:log4j-core:2.20.0) with InstrumentationAnalysisTransform
Transforming run-task-2.3.1.jar (xyz.jpenilla:run-task:2.3.1) with InstrumentationAnalysisTransform
Transforming jackson-databind-2.17.2.jar (com.fasterxml.jackson.core:jackson-databind:2.17.2) with InstrumentationAnalysisTransform
Transforming jackson-annotations-2.17.2.jar (com.fasterxml.jackson.core:jackson-annotations:2.17.2) with InstrumentationAnalysisTransform
Transforming jackson-core-2.17.2.jar (com.fasterxml.jackson.core:jackson-core:2.17.2) with InstrumentationAnalysisTransform
Transforming jackson-module-kotlin-2.17.2.jar (com.fasterxml.jackson.module:jackson-module-kotlin:2.17.2) with InstrumentationAnalysisTransform
Transforming jdom2-2.0.6.1.jar (org.jdom:jdom2:2.0.6.1) with InstrumentationAnalysisTransform
Transforming asm-commons-9.4.jar (org.ow2.asm:asm-commons:9.4) with InstrumentationAnalysisTransform
Transforming asm-tree-9.4.jar (org.ow2.asm:asm-tree:9.4) with InstrumentationAnalysisTransform
Transforming asm-9.4.jar (org.ow2.asm:asm:9.4) with InstrumentationAnalysisTransform
Transforming commons-io-2.11.0.jar (commons-io:commons-io:2.11.0) with InstrumentationAnalysisTransform
Transforming ant-1.10.13.jar (org.apache.ant:ant:1.10.13) with InstrumentationAnalysisTransform
Transforming plexus-utils-3.5.1.jar (org.codehaus.plexus:plexus-utils:3.5.1) with InstrumentationAnalysisTransform
Transforming jdependency-2.8.0.jar (org.vafer:jdependency:2.8.0) with InstrumentationAnalysisTransform
Transforming kotlin-reflect-1.7.22.jar (org.jetbrains.kotlin:kotlin-reflect:1.7.22) with InstrumentationAnalysisTransform
Transforming ant-launcher-1.10.13.jar (org.apache.ant:ant-launcher:1.10.13) with InstrumentationAnalysisTransform
Transforming log4j-api-2.20.0.jar (org.apache.logging.log4j:log4j-api:2.20.0) with InstrumentationAnalysisTransform
Transforming kotlin-stdlib-1.7.22.jar (org.jetbrains.kotlin:kotlin-stdlib:1.7.22) with InstrumentationAnalysisTransform
Transforming kotlin-stdlib-common-1.7.22.jar (org.jetbrains.kotlin:kotlin-stdlib-common:1.7.22) with InstrumentationAnalysisTransform
Transforming annotations-13.0.jar (org.jetbrains:annotations:13.0) with InstrumentationAnalysisTransform
Transforming shadow-8.1.1.jar (com.github.johnrengelman:shadow:8.1.1) with InstrumentationAnalysisTransform
Transforming shadow-8.1.1.jar (com.github.johnrengelman:shadow:8.1.1) with MergeInstrumentationAnalysisTransform
Transforming log4j-core-2.20.0.jar (org.apache.logging.log4j:log4j-core:2.20.0) with InstrumentationAnalysisTransform
Transforming log4j-core-2.20.0.jar (org.apache.logging.log4j:log4j-core:2.20.0) with MergeInstrumentationAnalysisTransform
Transforming shadow-8.1.1.jar (com.github.johnrengelman:shadow:8.1.1) with ExternalDependencyInstrumentingArtifactTransform
Transforming run-task-2.3.1.jar (xyz.jpenilla:run-task:2.3.1) with InstrumentationAnalysisTransform
Transforming log4j-core-2.20.0.jar (org.apache.logging.log4j:log4j-core:2.20.0) with ExternalDependencyInstrumentingArtifactTransform
Transforming run-task-2.3.1.jar (xyz.jpenilla:run-task:2.3.1) with MergeInstrumentationAnalysisTransform
Transforming jackson-databind-2.17.2.jar (com.fasterxml.jackson.core:jackson-databind:2.17.2) with InstrumentationAnalysisTransform
Transforming jackson-databind-2.17.2.jar (com.fasterxml.jackson.core:jackson-databind:2.17.2) with MergeInstrumentationAnalysisTransform
Transforming run-task-2.3.1.jar (xyz.jpenilla:run-task:2.3.1) with ExternalDependencyInstrumentingArtifactTransform
Transforming jackson-annotations-2.17.2.jar (com.fasterxml.jackson.core:jackson-annotations:2.17.2) with InstrumentationAnalysisTransform
Transforming jackson-annotations-2.17.2.jar (com.fasterxml.jackson.core:jackson-annotations:2.17.2) with MergeInstrumentationAnalysisTransform
Transforming jackson-databind-2.17.2.jar (com.fasterxml.jackson.core:jackson-databind:2.17.2) with ExternalDependencyInstrumentingArtifactTransform
Transforming jackson-core-2.17.2.jar (com.fasterxml.jackson.core:jackson-core:2.17.2) with InstrumentationAnalysisTransform
Transforming jackson-core-2.17.2.jar (com.fasterxml.jackson.core:jackson-core:2.17.2) with MergeInstrumentationAnalysisTransform
Transforming jackson-annotations-2.17.2.jar (com.fasterxml.jackson.core:jackson-annotations:2.17.2) with ExternalDependencyInstrumentingArtifactTransform
Transforming jackson-module-kotlin-2.17.2.jar (com.fasterxml.jackson.module:jackson-module-kotlin:2.17.2) with InstrumentationAnalysisTransform
Transforming jackson-module-kotlin-2.17.2.jar (com.fasterxml.jackson.module:jackson-module-kotlin:2.17.2) with MergeInstrumentationAnalysisTransform
Transforming jackson-core-2.17.2.jar (com.fasterxml.jackson.core:jackson-core:2.17.2) with ExternalDependencyInstrumentingArtifactTransform
Transforming jdom2-2.0.6.1.jar (org.jdom:jdom2:2.0.6.1) with InstrumentationAnalysisTransform
Transforming jdom2-2.0.6.1.jar (org.jdom:jdom2:2.0.6.1) with MergeInstrumentationAnalysisTransform
Transforming jackson-module-kotlin-2.17.2.jar (com.fasterxml.jackson.module:jackson-module-kotlin:2.17.2) with ExternalDependencyInstrumentingArtifactTransform
Transforming asm-commons-9.4.jar (org.ow2.asm:asm-commons:9.4) with InstrumentationAnalysisTransform
Transforming asm-commons-9.4.jar (org.ow2.asm:asm-commons:9.4) with MergeInstrumentationAnalysisTransform
Transforming jdom2-2.0.6.1.jar (org.jdom:jdom2:2.0.6.1) with ExternalDependencyInstrumentingArtifactTransform
Transforming asm-tree-9.4.jar (org.ow2.asm:asm-tree:9.4) with InstrumentationAnalysisTransform
Transforming asm-commons-9.4.jar (org.ow2.asm:asm-commons:9.4) with ExternalDependencyInstrumentingArtifactTransform
Transforming asm-tree-9.4.jar (org.ow2.asm:asm-tree:9.4) with MergeInstrumentationAnalysisTransform
Transforming asm-9.4.jar (org.ow2.asm:asm:9.4) with InstrumentationAnalysisTransform
Transforming asm-9.4.jar (org.ow2.asm:asm:9.4) with MergeInstrumentationAnalysisTransform
Transforming asm-tree-9.4.jar (org.ow2.asm:asm-tree:9.4) with ExternalDependencyInstrumentingArtifactTransform
Transforming commons-io-2.11.0.jar (commons-io:commons-io:2.11.0) with InstrumentationAnalysisTransform
Transforming commons-io-2.11.0.jar (commons-io:commons-io:2.11.0) with MergeInstrumentationAnalysisTransform
Transforming asm-9.4.jar (org.ow2.asm:asm:9.4) with ExternalDependencyInstrumentingArtifactTransform
Transforming ant-1.10.13.jar (org.apache.ant:ant:1.10.13) with InstrumentationAnalysisTransform
Transforming ant-1.10.13.jar (org.apache.ant:ant:1.10.13) with MergeInstrumentationAnalysisTransform
Transforming ant-1.10.13.jar (org.apache.ant:ant:1.10.13) with ExternalDependencyInstrumentingArtifactTransform
Transforming plexus-utils-3.5.1.jar (org.codehaus.plexus:plexus-utils:3.5.1) with InstrumentationAnalysisTransform
Transforming commons-io-2.11.0.jar (commons-io:commons-io:2.11.0) with ExternalDependencyInstrumentingArtifactTransform
Transforming plexus-utils-3.5.1.jar (org.codehaus.plexus:plexus-utils:3.5.1) with MergeInstrumentationAnalysisTransform
Transforming jdependency-2.8.0.jar (org.vafer:jdependency:2.8.0) with InstrumentationAnalysisTransform
Transforming jdependency-2.8.0.jar (org.vafer:jdependency:2.8.0) with MergeInstrumentationAnalysisTransform
Transforming kotlin-reflect-1.7.22.jar (org.jetbrains.kotlin:kotlin-reflect:1.7.22) with InstrumentationAnalysisTransform
Transforming kotlin-reflect-1.7.22.jar (org.jetbrains.kotlin:kotlin-reflect:1.7.22) with MergeInstrumentationAnalysisTransform
Transforming ant-launcher-1.10.13.jar (org.apache.ant:ant-launcher:1.10.13) with InstrumentationAnalysisTransform
Transforming plexus-utils-3.5.1.jar (org.codehaus.plexus:plexus-utils:3.5.1) with ExternalDependencyInstrumentingArtifactTransform
Transforming ant-launcher-1.10.13.jar (org.apache.ant:ant-launcher:1.10.13) with MergeInstrumentationAnalysisTransform
Transforming kotlin-reflect-1.7.22.jar (org.jetbrains.kotlin:kotlin-reflect:1.7.22) with ExternalDependencyInstrumentingArtifactTransform
Transforming log4j-api-2.20.0.jar (org.apache.logging.log4j:log4j-api:2.20.0) with InstrumentationAnalysisTransform
Transforming ant-launcher-1.10.13.jar (org.apache.ant:ant-launcher:1.10.13) with ExternalDependencyInstrumentingArtifactTransform
Transforming log4j-api-2.20.0.jar (org.apache.logging.log4j:log4j-api:2.20.0) with MergeInstrumentationAnalysisTransform
Transforming jdependency-2.8.0.jar (org.vafer:jdependency:2.8.0) with ExternalDependencyInstrumentingArtifactTransform
Transforming kotlin-stdlib-1.7.22.jar (org.jetbrains.kotlin:kotlin-stdlib:1.7.22) with InstrumentationAnalysisTransform
Transforming log4j-api-2.20.0.jar (org.apache.logging.log4j:log4j-api:2.20.0) with ExternalDependencyInstrumentingArtifactTransform
Transforming kotlin-stdlib-1.7.22.jar (org.jetbrains.kotlin:kotlin-stdlib:1.7.22) with MergeInstrumentationAnalysisTransform
Transforming kotlin-stdlib-common-1.7.22.jar (org.jetbrains.kotlin:kotlin-stdlib-common:1.7.22) with InstrumentationAnalysisTransform
Transforming kotlin-stdlib-common-1.7.22.jar (org.jetbrains.kotlin:kotlin-stdlib-common:1.7.22) with MergeInstrumentationAnalysisTransform
Transforming annotations-13.0.jar (org.jetbrains:annotations:13.0) with InstrumentationAnalysisTransform
Transforming kotlin-stdlib-1.7.22.jar (org.jetbrains.kotlin:kotlin-stdlib:1.7.22) with ExternalDependencyInstrumentingArtifactTransform
Transforming annotations-13.0.jar (org.jetbrains:annotations:13.0) with MergeInstrumentationAnalysisTransform
Transforming kotlin-stdlib-common-1.7.22.jar (org.jetbrains.kotlin:kotlin-stdlib-common:1.7.22) with ExternalDependencyInstrumentingArtifactTransform
Transforming annotations-13.0.jar (org.jetbrains:annotations:13.0) with ExternalDependencyInstrumentingArtifactTransform
All projects evaluated.
Task name matched 'shadowJar'
Selected primary task 'shadowJar' from project :
Tasks to be executed: [task ':compileJava', task ':processResources', task ':classes', task ':shadowJar']
Tasks that were excluded: []
Resolve mutations for :compileJava (Thread[#346,Execution worker,5,main]) started.
:compileJava (Thread[#346,Execution worker,5,main]) started.

> Task :compileJava UP-TO-DATE
Caching disabled for task ':compileJava' because:
  Build cache is disabled
Skipping task ':compileJava' as it is up-to-date.
Resolve mutations for :processResources (Thread[#346,Execution worker,5,main]) started.
:processResources (Thread[#346,Execution worker,5,main]) started.

> Task :processResources UP-TO-DATE
Caching disabled for task ':processResources' because:
  Build cache is disabled
  Not worth caching
Skipping task ':processResources' as it is up-to-date.
Resolve mutations for :classes (Thread[#350,Execution worker Thread 5,5,main]) started.
:classes (Thread[#350,Execution worker Thread 5,5,main]) started.

> Task :classes UP-TO-DATE
Skipping task ':classes' as it has no actions.
Resolve mutations for :shadowJar (Thread[#350,Execution worker Thread 5,5,main]) started.
:shadowJar (Thread[#356,Execution worker Thread 11,5,main]) started.

> Task :shadowJar FAILED
Custom actions are attached to task ':shadowJar'.
Caching disabled for task ':shadowJar' because:
  Build cache is disabled
Task ':shadowJar' is not up-to-date because:
  Task has failed previously.
./gradlew : ex
No linha:1 caractere:1
+ ./gradlew shadowJar 
--info > 
build_output.txt 2>&1
+ ~~~~~~~~~~~~~~~~~~~~
~~~~~~~~~~~~~~~~~~~~~~
~~~~~~~~
    + CategoryInfo    
          : NotSpeci  
  fied: (ex:String)   
  [], RemoteExcept    
ion
    + FullyQualifiedE 
   rrorId : NativeCo  
  mmandError
 
org.gradle.api.GradleE
xception: Could not 
add file 'C:\Users\Loo
k\IdeaProjects\DevRevi
ew\build\classes\java\
main\br\com\devplugins
\DevReview.class' to 
ZIP 'C:\Users\Look\Ide
aProjects\DevReview\bu
ild\libs\DevReview-1.0
-all.jar'.
	at java.base/jdk.inte
rnal.reflect.DirectCon
structorHandleAccessor
.newInstance(DirectCon
structorHandleAccessor
.java:62)
	at java.base/java.lan
g.reflect.Constructor.
newInstanceWithCaller(
Constructor.java:502)
	at java.base/java.lan
g.reflect.Constructor.
newInstance(Constructo
r.java:486)
	at org.codehaus.groov
y.reflection.CachedCon
structor.invoke(Cached
Constructor.java:72)
	at org.codehaus.groov
y.runtime.callsite.Con
structorSite$Construct
orSiteNoUnwrapNoCoerce
.callConstructor(Const
ructorSite.java:105)
	at org.codehaus.groov
y.runtime.callsite.Abs
tractCallSite.callCons
tructor(AbstractCallSi
te.java:286)
	at com.github.jengelm
an.gradle.plugins.shad
ow.tasks.ShadowCopyAct
ion$StreamAction.visit
File(ShadowCopyAction.
groovy:243)
	at java.base/jdk.inte
rnal.reflect.DirectMet
hodHandleAccessor.invo
ke(DirectMethodHandleA
ccessor.java:103)
	at java.base/java.lan
g.reflect.Method.invok
e(Method.java:580)
	at org.codehaus.groov
y.runtime.callsite.Pla
inObjectMetaMethodSite
.doInvoke(PlainObjectM
etaMethodSite.java:48)
	at org.codehaus.groov
y.runtime.callsite.Pog
oMetaMethodSite$PogoCa
chedMethodSiteNoUnwrap
NoCoerce.invoke(PogoMe
taMethodSite.java:189)
	at org.codehaus.groov
y.runtime.callsite.Pog
oMetaMethodSite.callCu
rrent(PogoMetaMethodSi
te.java:57)
	at org.codehaus.groov
y.runtime.callsite.Abs
tractCallSite.callCurr
ent(AbstractCallSite.j
ava:185)
	at com.github.jengelm
an.gradle.plugins.shad
ow.tasks.ShadowCopyAct
ion$BaseStreamAction.p
rocessFile(ShadowCopyA
ction.groovy:181)
	at org.gradle.api.int
ernal.file.copy.Normal
izingCopyActionDecorat
or.lambda$execute$0(No
rmalizingCopyActionDec
orator.java:72)
	at org.gradle.api.int
ernal.file.copy.Duplic
ateHandlingCopyActionD
ecorator.lambda$execut
e$0(DuplicateHandlingC
opyActionDecorator.jav
a:71)
	at org.gradle.api.int
ernal.file.copy.CopyFi
leVisitorImpl.processF
ile(CopyFileVisitorImp
l.java:68)
	at org.gradle.api.int
ernal.file.copy.CopyFi
leVisitorImpl.visitFil
e(CopyFileVisitorImpl.
java:52)
	at org.gradle.api.int
ernal.file.collections
.PathVisitor.visitFile
(PathVisitor.java:88)
	at org.gradle.api.int
ernal.file.collections
.PathVisitor.visitFile
(PathVisitor.java:38)
	at java.base/java.nio
.file.Files.walkFileTr
ee(Files.java:2799)
	at org.gradle.api.int
ernal.file.collections
.DefaultDirectoryWalke
r.walkDir(DefaultDirec
toryWalker.java:44)
	at org.gradle.api.int
ernal.file.collections
.DirectoryFileTree.wal
kDir(DirectoryFileTree
.java:150)
	at org.gradle.api.int
ernal.file.collections
.DirectoryFileTree.vis
itFrom(DirectoryFileTr
ee.java:128)
	at org.gradle.api.int
ernal.file.collections
.DirectoryFileTree.vis
it(DirectoryFileTree.j
ava:114)
	at org.gradle.api.int
ernal.file.collections
.FileTreeAdapter.visit
(FileTreeAdapter.java:
110)
	at org.gradle.api.int
ernal.file.CompositeFi
leTree.visit(Composite
FileTree.java:108)
	at org.gradle.api.int
ernal.file.copy.CopySp
ecActionImpl.execute(C
opySpecActionImpl.java
:43)
	at org.gradle.api.int
ernal.file.copy.CopySp
ecActionImpl.execute(C
opySpecActionImpl.java
:25)
	at org.gradle.api.int
ernal.file.copy.Defaul
tCopySpec$DefaultCopyS
pecResolver.walk(Defau
ltCopySpec.java:888)
	at org.gradle.api.int
ernal.file.copy.Defaul
tCopySpec$DefaultCopyS
pecResolver.walk(Defau
ltCopySpec.java:890)
	at org.gradle.api.int
ernal.file.copy.Defaul
tCopySpec.walk(Default
CopySpec.java:595)
	at org.gradle.api.int
ernal.file.copy.CopySp
ecBackedCopyActionProc
essingStream.process(C
opySpecBackedCopyActio
nProcessingStream.java
:42)
	at org.gradle.api.int
ernal.file.copy.Duplic
ateHandlingCopyActionD
ecorator.lambda$execut
e$1(DuplicateHandlingC
opyActionDecorator.jav
a:51)
	at org.gradle.api.int
ernal.file.copy.Normal
izingCopyActionDecorat
or.lambda$execute$1(No
rmalizingCopyActionDec
orator.java:64)
	at org.gradle.api.int
ernal.file.copy.CopyAc
tionProcessingStream$p
rocess.call(Unknown 
Source)
	at com.github.jengelm
an.gradle.plugins.shad
ow.tasks.ShadowCopyAct
ion$2.execute(ShadowCo
pyAction.groovy:108)
	at com.github.jengelm
an.gradle.plugins.shad
ow.tasks.ShadowCopyAct
ion$2$execute.call(Unk
nown Source)
	at com.github.jengelm
an.gradle.plugins.shad
ow.tasks.ShadowCopyAct
ion.withResource(Shado
wCopyAction.groovy:150
)
	at java.base/jdk.inte
rnal.reflect.DirectMet
hodHandleAccessor.invo
ke(DirectMethodHandleA
ccessor.java:103)
	at java.base/java.lan
g.reflect.Method.invok
e(Method.java:580)
	at org.codehaus.groov
y.reflection.CachedMet
hod.invoke(CachedMetho
d.java:107)
	at org.codehaus.groov
y.runtime.callsite.Sta
ticMetaMethodSite$Stat
icMetaMethodSiteNoUnwr
apNoCoerce.invoke(Stat
icMetaMethodSite.java:
149)
	at org.codehaus.groov
y.runtime.callsite.Sta
ticMetaMethodSite.call
Static(StaticMetaMetho
dSite.java:100)
	at org.codehaus.groov
y.runtime.callsite.Abs
tractCallSite.callStat
ic(AbstractCallSite.ja
va:240)
	at com.github.jengelm
an.gradle.plugins.shad
ow.tasks.ShadowCopyAct
ion.execute(ShadowCopy
Action.groovy:105)
	at org.gradle.api.int
ernal.file.copy.Normal
izingCopyActionDecorat
or.execute(Normalizing
CopyActionDecorator.ja
va:63)
	at org.gradle.api.int
ernal.file.copy.Duplic
ateHandlingCopyActionD
ecorator.execute(Dupli
cateHandlingCopyAction
Decorator.java:51)
	at org.gradle.api.int
ernal.file.copy.CopyAc
tionExecuter.execute(C
opyActionExecuter.java
:48)
	at org.gradle.api.tas
ks.AbstractCopyTask.co
py(AbstractCopyTask.ja
va:153)
	at com.github.jengelm
an.gradle.plugins.shad
ow.tasks.ShadowJar.cop
y(ShadowJar.java:161)
	at java.base/jdk.inte
rnal.reflect.DirectMet
hodHandleAccessor.invo
ke(DirectMethodHandleA
ccessor.java:103)
	at java.base/java.lan
g.reflect.Method.invok
e(Method.java:580)
	at org.gradle.interna
l.reflect.JavaMethod.i
nvoke(JavaMethod.java:
125)
	at org.gradle.api.int
ernal.project.taskfact
ory.StandardTaskAction
.doExecute(StandardTas
kAction.java:58)
	at org.gradle.api.int
ernal.project.taskfact
ory.StandardTaskAction
.execute(StandardTaskA
ction.java:51)
	at org.gradle.api.int
ernal.project.taskfact
ory.StandardTaskAction
.execute(StandardTaskA
ction.java:29)
	at org.gradle.api.int
ernal.tasks.execution.
TaskExecution$3.run(Ta
skExecution.java:244)
	at org.gradle.interna
l.operations.DefaultBu
ildOperationRunner$1.e
xecute(DefaultBuildOpe
rationRunner.java:29)
	at org.gradle.interna
l.operations.DefaultBu
ildOperationRunner$1.e
xecute(DefaultBuildOpe
rationRunner.java:26)
	at org.gradle.interna
l.operations.DefaultBu
ildOperationRunner$2.e
xecute(DefaultBuildOpe
rationRunner.java:66)
	at org.gradle.interna
l.operations.DefaultBu
ildOperationRunner$2.e
xecute(DefaultBuildOpe
rationRunner.java:59)
	at org.gradle.interna
l.operations.DefaultBu
ildOperationRunner.exe
cute(DefaultBuildOpera
tionRunner.java:166)
	at org.gradle.interna
l.operations.DefaultBu
ildOperationRunner.exe
cute(DefaultBuildOpera
tionRunner.java:59)
	at org.gradle.interna
l.operations.DefaultBu
ildOperationRunner.run
(DefaultBuildOperation
Runner.java:47)
	at org.gradle.api.int
ernal.tasks.execution.
TaskExecution.executeA
ction(TaskExecution.ja
va:229)
	at org.gradle.api.int
ernal.tasks.execution.
TaskExecution.executeA
ctions(TaskExecution.j
ava:212)
	at org.gradle.api.int
ernal.tasks.execution.
TaskExecution.executeW
ithPreviousOutputFiles
(TaskExecution.java:19
5)
	at org.gradle.api.int
ernal.tasks.execution.
TaskExecution.execute(
TaskExecution.java:162
)
	at org.gradle.interna
l.execution.steps.Exec
uteStep.executeInterna
l(ExecuteStep.java:105
)
	at org.gradle.interna
l.execution.steps.Exec
uteStep.access$000(Exe
cuteStep.java:44)
	at org.gradle.interna
l.execution.steps.Exec
uteStep$1.call(Execute
Step.java:59)
	at org.gradle.interna
l.execution.steps.Exec
uteStep$1.call(Execute
Step.java:56)
	at org.gradle.interna
l.operations.DefaultBu
ildOperationRunner$Cal
lableBuildOperationWor
ker.execute(DefaultBui
ldOperationRunner.java
:209)
	at org.gradle.interna
l.operations.DefaultBu
ildOperationRunner$Cal
lableBuildOperationWor
ker.execute(DefaultBui
ldOperationRunner.java
:204)
	at org.gradle.interna
l.operations.DefaultBu
ildOperationRunner$2.e
xecute(DefaultBuildOpe
rationRunner.java:66)
	at org.gradle.interna
l.operations.DefaultBu
ildOperationRunner$2.e
xecute(DefaultBuildOpe
rationRunner.java:59)
	at org.gradle.interna
l.operations.DefaultBu
ildOperationRunner.exe
cute(DefaultBuildOpera
tionRunner.java:166)
	at org.gradle.interna
l.operations.DefaultBu
ildOperationRunner.exe
cute(DefaultBuildOpera
tionRunner.java:59)
	at org.gradle.interna
l.operations.DefaultBu
ildOperationRunner.cal
l(DefaultBuildOperatio
nRunner.java:53)
	at org.gradle.interna
l.execution.steps.Exec
uteStep.execute(Execut
eStep.java:56)
	at org.gradle.interna
l.execution.steps.Exec
uteStep.execute(Execut
eStep.java:44)
	at org.gradle.interna
l.execution.steps.Canc
elExecutionStep.execut
e(CancelExecutionStep.
java:41)
	at org.gradle.interna
l.execution.steps.Time
outStep.executeWithout
Timeout(TimeoutStep.ja
va:74)
	at org.gradle.interna
l.execution.steps.Time
outStep.execute(Timeou
tStep.java:55)
	at org.gradle.interna
l.execution.steps.PreC
reateOutputParentsStep
.execute(PreCreateOutp
utParentsStep.java:50)
	at org.gradle.interna
l.execution.steps.PreC
reateOutputParentsStep
.execute(PreCreateOutp
utParentsStep.java:28)
	at org.gradle.interna
l.execution.steps.Remo
vePreviousOutputsStep.
execute(RemovePrevious
OutputsStep.java:67)
	at org.gradle.interna
l.execution.steps.Remo
vePreviousOutputsStep.
execute(RemovePrevious
OutputsStep.java:37)
	at org.gradle.interna
l.execution.steps.Broa
dcastChangingOutputsSt
ep.execute(BroadcastCh
angingOutputsStep.java
:61)
	at org.gradle.interna
l.execution.steps.Broa
dcastChangingOutputsSt
ep.execute(BroadcastCh
angingOutputsStep.java
:26)
	at org.gradle.interna
l.execution.steps.Capt
ureOutputsAfterExecuti
onStep.execute(Capture
OutputsAfterExecutionS
tep.java:67)
	at org.gradle.interna
l.execution.steps.Capt
ureOutputsAfterExecuti
onStep.execute(Capture
OutputsAfterExecutionS
tep.java:45)
	at org.gradle.interna
l.execution.steps.Reso
lveInputChangesStep.ex
ecute(ResolveInputChan
gesStep.java:40)
	at org.gradle.interna
l.execution.steps.Reso
lveInputChangesStep.ex
ecute(ResolveInputChan
gesStep.java:29)
	at org.gradle.interna
l.execution.steps.Buil
dCacheStep.executeWith
outCache(BuildCacheSte
p.java:189)
	at org.gradle.interna
l.execution.steps.Buil
dCacheStep.lambda$exec
ute$1(BuildCacheStep.j
ava:75)
	at org.gradle.interna
l.Either$Right.fold(Ei
ther.java:175)
	at org.gradle.interna
l.execution.caching.Ca
chingState.fold(Cachin
gState.java:62)
	at org.gradle.interna
l.execution.steps.Buil
dCacheStep.execute(Bui
ldCacheStep.java:73)
	at org.gradle.interna
l.execution.steps.Buil
dCacheStep.execute(Bui
ldCacheStep.java:48)
	at org.gradle.interna
l.execution.steps.Stor
eExecutionStateStep.ex
ecute(StoreExecutionSt
ateStep.java:46)
	at org.gradle.interna
l.execution.steps.Stor
eExecutionStateStep.ex
ecute(StoreExecutionSt
ateStep.java:35)
	at org.gradle.interna
l.execution.steps.Skip
UpToDateStep.executeBe
cause(SkipUpToDateStep
.java:76)
	at org.gradle.interna
l.execution.steps.Skip
UpToDateStep.lambda$ex
ecute$2(SkipUpToDateSt
ep.java:54)
	at java.base/java.uti
l.Optional.orElseGet(O
ptional.java:364)
	at org.gradle.interna
l.execution.steps.Skip
UpToDateStep.execute(S
kipUpToDateStep.java:5
4)
	at org.gradle.interna
l.execution.steps.Skip
UpToDateStep.execute(S
kipUpToDateStep.java:3
6)
	at org.gradle.interna
l.execution.steps.lega
cy.MarkSnapshottingInp
utsFinishedStep.execut
e(MarkSnapshottingInpu
tsFinishedStep.java:37
)
	at org.gradle.interna
l.execution.steps.lega
cy.MarkSnapshottingInp
utsFinishedStep.execut
e(MarkSnapshottingInpu
tsFinishedStep.java:27
)
	at org.gradle.interna
l.execution.steps.Reso
lveIncrementalCachingS
tateStep.executeDelega
te(ResolveIncrementalC
achingStateStep.java:4
9)
	at org.gradle.interna
l.execution.steps.Reso
lveIncrementalCachingS
tateStep.executeDelega
te(ResolveIncrementalC
achingStateStep.java:2
7)
	at org.gradle.interna
l.execution.steps.Abst
ractResolveCachingStat
eStep.execute(Abstract
ResolveCachingStateSte
p.java:71)
	at org.gradle.interna
l.execution.steps.Abst
ractResolveCachingStat
eStep.execute(Abstract
ResolveCachingStateSte
p.java:39)
	at org.gradle.interna
l.execution.steps.Reso
lveChangesStep.execute
(ResolveChangesStep.ja
va:65)
	at org.gradle.interna
l.execution.steps.Reso
lveChangesStep.execute
(ResolveChangesStep.ja
va:36)
	at org.gradle.interna
l.execution.steps.Vali
dateStep.execute(Valid
ateStep.java:106)
	at org.gradle.interna
l.execution.steps.Vali
dateStep.execute(Valid
ateStep.java:55)
	at org.gradle.interna
l.execution.steps.Abst
ractCaptureStateBefore
ExecutionStep.execute(
AbstractCaptureStateBe
foreExecutionStep.java
:64)
	at org.gradle.interna
l.execution.steps.Abst
ractCaptureStateBefore
ExecutionStep.execute(
AbstractCaptureStateBe
foreExecutionStep.java
:43)
	at org.gradle.interna
l.execution.steps.Abst
ractSkipEmptyWorkStep.
executeWithNonEmptySou
rces(AbstractSkipEmpty
WorkStep.java:125)
	at org.gradle.interna
l.execution.steps.Abst
ractSkipEmptyWorkStep.
execute(AbstractSkipEm
ptyWorkStep.java:61)
	at org.gradle.interna
l.execution.steps.Abst
ractSkipEmptyWorkStep.
execute(AbstractSkipEm
ptyWorkStep.java:36)
	at org.gradle.interna
l.execution.steps.lega
cy.MarkSnapshottingInp
utsStartedStep.execute
(MarkSnapshottingInput
sStartedStep.java:38)
	at org.gradle.interna
l.execution.steps.Load
PreviousExecutionState
Step.execute(LoadPrevi
ousExecutionStateStep.
java:36)
	at org.gradle.interna
l.execution.steps.Load
PreviousExecutionState
Step.execute(LoadPrevi
ousExecutionStateStep.
java:23)
	at org.gradle.interna
l.execution.steps.Hand
leStaleOutputsStep.exe
cute(HandleStaleOutput
sStep.java:75)
	at org.gradle.interna
l.execution.steps.Hand
leStaleOutputsStep.exe
cute(HandleStaleOutput
sStep.java:41)
	at org.gradle.interna
l.execution.steps.Assi
gnMutableWorkspaceStep
.lambda$execute$0(Assi
gnMutableWorkspaceStep
.java:35)
	at org.gradle.api.int
ernal.tasks.execution.
TaskExecution$4.withWo
rkspace(TaskExecution.
java:289)
	at org.gradle.interna
l.execution.steps.Assi
gnMutableWorkspaceStep
.execute(AssignMutable
WorkspaceStep.java:31)
	at org.gradle.interna
l.execution.steps.Assi
gnMutableWorkspaceStep
.execute(AssignMutable
WorkspaceStep.java:22)
	at org.gradle.interna
l.execution.steps.Choo
sePipelineStep.execute
(ChoosePipelineStep.ja
va:40)
	at org.gradle.interna
l.execution.steps.Choo
sePipelineStep.execute
(ChoosePipelineStep.ja
va:23)
	at org.gradle.interna
l.execution.steps.Exec
uteWorkBuildOperationF
iringStep.lambda$execu
te$2(ExecuteWorkBuildO
perationFiringStep.jav
a:67)
	at java.base/java.uti
l.Optional.orElseGet(O
ptional.java:364)
	at org.gradle.interna
l.execution.steps.Exec
uteWorkBuildOperationF
iringStep.execute(Exec
uteWorkBuildOperationF
iringStep.java:67)
	at org.gradle.interna
l.execution.steps.Exec
uteWorkBuildOperationF
iringStep.execute(Exec
uteWorkBuildOperationF
iringStep.java:39)
	at org.gradle.interna
l.execution.steps.Iden
tityCacheStep.execute(
IdentityCacheStep.java
:46)
	at org.gradle.interna
l.execution.steps.Iden
tityCacheStep.execute(
IdentityCacheStep.java
:34)
	at org.gradle.interna
l.execution.steps.Iden
tifyStep.execute(Ident
ifyStep.java:48)
	at org.gradle.interna
l.execution.steps.Iden
tifyStep.execute(Ident
ifyStep.java:35)
	at org.gradle.interna
l.execution.impl.Defau
ltExecutionEngine$1.ex
ecute(DefaultExecution
Engine.java:61)
	at org.gradle.api.int
ernal.tasks.execution.
ExecuteActionsTaskExec
uter.executeIfValid(Ex
ecuteActionsTaskExecut
er.java:127)

Deprecated Gradle features were used in this build, making it incompatible with Gradle 9.0.

You can use '--warning-mode all' to show the individual deprecation warnings and determine if they come from your own scripts or plugins.

For more on this, please refer to https://docs.gradle.org/8.8/userguide/command_line_interface.html#sec:command_line_warnings in the Gradle documentation.
3 actionable tasks: 1 executed, 2 up-to-date
	at org.gradle.api.int
ernal.tasks.execution.
ExecuteActionsTaskExec
uter.execute(ExecuteAc
tionsTaskExecuter.java
:116)
	at org.gradle.api.int
ernal.tasks.execution.
FinalizePropertiesTask
Executer.execute(Final
izePropertiesTaskExecu
ter.java:46)
	at org.gradle.api.int
ernal.tasks.execution.
ResolveTaskExecutionMo
deExecuter.execute(Res
olveTaskExecutionModeE
xecuter.java:51)
	at org.gradle.api.int
ernal.tasks.execution.
SkipTaskWithNoActionsE
xecuter.execute(SkipTa
skWithNoActionsExecute
r.java:57)
	at org.gradle.api.int
ernal.tasks.execution.
SkipOnlyIfTaskExecuter
.execute(SkipOnlyIfTas
kExecuter.java:74)
	at org.gradle.api.int
ernal.tasks.execution.
CatchExceptionTaskExec
uter.execute(CatchExce
ptionTaskExecuter.java
:36)
	at org.gradle.api.int
ernal.tasks.execution.
EventFiringTaskExecute
r$1.executeTask(EventF
iringTaskExecuter.java
:77)
	at org.gradle.api.int
ernal.tasks.execution.
EventFiringTaskExecute
r$1.call(EventFiringTa
skExecuter.java:55)
	at org.gradle.api.int
ernal.tasks.execution.
EventFiringTaskExecute
r$1.call(EventFiringTa
skExecuter.java:52)
	at org.gradle.interna
l.operations.DefaultBu
ildOperationRunner$Cal
lableBuildOperationWor
ker.execute(DefaultBui
ldOperationRunner.java
:209)
	at org.gradle.interna
l.operations.DefaultBu
ildOperationRunner$Cal
lableBuildOperationWor
ker.execute(DefaultBui
ldOperationRunner.java
:204)
	at org.gradle.interna
l.operations.DefaultBu
ildOperationRunner$2.e
xecute(DefaultBuildOpe
rationRunner.java:66)
	at org.gradle.interna
l.operations.DefaultBu
ildOperationRunner$2.e
xecute(DefaultBuildOpe
rationRunner.java:59)
	at org.gradle.interna
l.operations.DefaultBu
ildOperationRunner.exe
cute(DefaultBuildOpera
tionRunner.java:166)
	at org.gradle.interna
l.operations.DefaultBu
ildOperationRunner.exe
cute(DefaultBuildOpera
tionRunner.java:59)
	at org.gradle.interna
l.operations.DefaultBu
ildOperationRunner.cal
l(DefaultBuildOperatio
nRunner.java:53)
	at org.gradle.api.int
ernal.tasks.execution.
EventFiringTaskExecute
r.execute(EventFiringT
askExecuter.java:52)
	at org.gradle.executi
on.plan.LocalTaskNodeE
xecutor.execute(LocalT
askNodeExecutor.java:4
2)
	at org.gradle.executi
on.taskgraph.DefaultTa
skExecutionGraph$Invok
eNodeExecutorsAction.e
xecute(DefaultTaskExec
utionGraph.java:331)
	at org.gradle.executi
on.taskgraph.DefaultTa
skExecutionGraph$Invok
eNodeExecutorsAction.e
xecute(DefaultTaskExec
utionGraph.java:318)
	at org.gradle.executi
on.taskgraph.DefaultTa
skExecutionGraph$Build
OperationAwareExecutio
nAction.lambda$execute
$0(DefaultTaskExecutio
nGraph.java:314)
	at org.gradle.interna
l.operations.CurrentBu
ildOperationRef.with(C
urrentBuildOperationRe
f.java:80)
	at org.gradle.executi
on.taskgraph.DefaultTa
skExecutionGraph$Build
OperationAwareExecutio
nAction.execute(Defaul
tTaskExecutionGraph.ja
va:314)
	at org.gradle.executi
on.taskgraph.DefaultTa
skExecutionGraph$Build
OperationAwareExecutio
nAction.execute(Defaul
tTaskExecutionGraph.ja
va:303)
	at org.gradle.executi
on.plan.DefaultPlanExe
cutor$ExecutorWorker.e
xecute(DefaultPlanExec
utor.java:463)
	at org.gradle.executi
on.plan.DefaultPlanExe
cutor$ExecutorWorker.r
un(DefaultPlanExecutor
.java:380)
	at org.gradle.interna
l.concurrent.ExecutorP
olicy$CatchAndRecordFa
ilures.onExecute(Execu
torPolicy.java:64)
	at org.gradle.interna
l.concurrent.AbstractM
anagedExecutor$1.run(A
bstractManagedExecutor
.java:47)
	at java.base/java.uti
l.concurrent.ThreadPoo
lExecutor.runWorker(Th
readPoolExecutor.java:
1144)
Watched directory hierarchies: [C:\Users\Look\IdeaProjects\DevReview]
	at java.base/java.uti
l.concurrent.ThreadPoo
lExecutor$Worker.run(T
hreadPoolExecutor.java
:642)
	at java.base/java.lan
g.Thread.run(Thread.ja
va:1583)
Caused by: java.lang.I
llegalArgumentExceptio
n: Unsupported class 
file major version 65
	at org.objectweb.asm.
ClassReader.<init>(Cla
ssReader.java:199)
	at org.objectweb.asm.
ClassReader.<init>(Cla
ssReader.java:180)
	at org.objectweb.asm.
ClassReader.<init>(Cla
ssReader.java:166)
	at org.objectweb.asm.
ClassReader.<init>(Cla
ssReader.java:287)
	at java.base/jdk.inte
rnal.reflect.DirectCon
structorHandleAccessor
.newInstance(DirectCon
structorHandleAccessor
.java:62)
	at java.base/java.lan
g.reflect.Constructor.
newInstanceWithCaller(
Constructor.java:502)
	at java.base/java.lan
g.reflect.Constructor.
newInstance(Constructo
r.java:486)
	at org.codehaus.groov
y.reflection.CachedCon
structor.invoke(Cached
Constructor.java:72)
	at org.codehaus.groov
y.runtime.callsite.Con
structorSite$Construct
orSiteNoUnwrapNoCoerce
.callConstructor(Const
ructorSite.java:105)
	at org.codehaus.groov
y.runtime.callsite.Abs
tractCallSite.callCons
tructor(AbstractCallSi
te.java:277)
	at com.github.jengelm
an.gradle.plugins.shad
ow.tasks.ShadowCopyAct
ion$StreamAction.remap
Class(ShadowCopyAction
.groovy:339)
	at java.base/jdk.inte
rnal.reflect.DirectMet
hodHandleAccessor.invo
ke(DirectMethodHandleA
ccessor.java:103)
	at java.base/java.lan
g.reflect.Method.invok
e(Method.java:580)
	at org.codehaus.groov
y.runtime.callsite.Pla
inObjectMetaMethodSite
.doInvoke(PlainObjectM
etaMethodSite.java:48)
	at org.codehaus.groov
y.runtime.callsite.Pog
oMetaMethodSite$PogoCa
chedMethodSiteNoUnwrap
NoCoerce.invoke(PogoMe
taMethodSite.java:189)
	at org.codehaus.groov
y.runtime.callsite.Pog
oMetaMethodSite.callCu
rrent(PogoMetaMethodSi
te.java:57)
	at org.codehaus.groov
y.runtime.callsite.Abs
tractCallSite.callCurr
ent(AbstractCallSite.j
ava:203)
	at com.github.jengelm
an.gradle.plugins.shad
ow.tasks.ShadowCopyAct
ion$StreamAction.remap
Class(ShadowCopyAction
.groovy:325)
	at java.base/jdk.inte
rnal.reflect.DirectMet
hodHandleAccessor.invo
ke(DirectMethodHandleA
ccessor.java:103)
	at java.base/java.lan
g.reflect.Method.invok
e(Method.java:580)
	at org.codehaus.groov
y.runtime.callsite.Pla
inObjectMetaMethodSite
.doInvoke(PlainObjectM
etaMethodSite.java:48)
	at org.codehaus.groov
y.runtime.callsite.Pog
oMetaMethodSite$PogoCa
chedMethodSiteNoUnwrap
NoCoerce.invoke(PogoMe
taMethodSite.java:189)
	at org.codehaus.groov
y.runtime.callsite.Pog
oMetaMethodSite.callCu
rrent(PogoMetaMethodSi
te.java:57)
	at org.codehaus.groov
y.runtime.callsite.Abs
tractCallSite.callCurr
ent(AbstractCallSite.j
ava:185)
	at com.github.jengelm
an.gradle.plugins.shad
ow.tasks.ShadowCopyAct
ion$StreamAction.visit
File(ShadowCopyAction.
groovy:239)
	... 168 more

FAILURE: Build failed 
with an exception.

* What went wrong:
Execution failed for 
task ':shadowJar'.
> Could not add file '
C:\Users\Look\IdeaProj
ects\DevReview\build\c
lasses\java\main\br\co
m\devplugins\DevReview
.class' to ZIP 'C:\Use
rs\Look\IdeaProjects\D
evReview\build\libs\De
vReview-1.0-all.jar'.

* Try:
> Run with 
--stacktrace option 
to get the stack 
trace.
> Run with --debug 
option to get more 
log output.
> Run with --scan to 
get full insights.
> Get more help at htt
ps://help.gradle.org.

BUILD FAILED in 2s
